
> lifelens@0.1.0 build
> next build

Γû▓ Next.js 16.2.2 (Turbopack)

  Creating an optimized production build ...
node.exe : Found 1 
warning while optimizing 
generated CSS:
At C:\Program 
Files\nodejs\npm.ps1:29 
char:3
+   & $NODE_EXE 
$NPM_CLI_JS $args
+   ~~~~~~~~~~~~~~~~~~~~~
~~~~~~~~
    + CategoryInfo       
       : NotSpecified:   
  (Found 1 warning...    
 generated CSS::Strin    
g) [], RemoteExcepti    
on
    + FullyQualifiedErro 
   rId : NativeCommandE  
  rror
 

[2mΓöé   }[22m
[2mΓöé }[22m
[2mΓöé[22m @import url(
'https://fonts.googleapis
.com/css2?family=Inter:wg
ht@300;400;500;600;700;80
0&display=swap');
[2mΓöå[22m        
[33m[2m^--[22m 
@import rules must 
precede all rules aside 
from @charset and @layer 
statements[39m
[2mΓöå[22m
[2mΓöé * {[22m
[2mΓöé   margin: 0;[22m

Γ£ô Compiled successfully in 3.9s
  Running TypeScript ...
  Finished TypeScript in 4.3s ...
  Collecting page data using 12 workers ...
  Generating static pages using 12 workers (0/11) ...
  Generating static pages using 12 workers (2/11) 
  Generating static pages using 12 workers (5/11) 
  Generating static pages using 12 workers (8/11) 
Γ£ô Generating static pages using 12 workers (11/11) in 953ms
  Finalizing page optimization ...

Route (app)
Γöî Γùï /
Γö£ Γùï /_not-found
Γö£ Γùï /caretaker/dashboard
Γö£ Γùï /family/portal
Γö£ Γùï /home
Γö£ Γùï /login
Γö£ Γùï /map
Γö£ Γùï /medications
Γöö Γùï /wearable


Γùï  (Static)  prerendered as static content

